// Jest Snapshot v1, https://goo.gl/fbAQLP

exports[`Component: SearchForm should render as expected 1`] = `
Object {
  "component": <form
    className={[Function]}
    onSubmit={[Function]}
  >
    <label
      className="u-hiddenVisually"
      htmlFor="searchInput"
    >
      Search for a user
    </label>
    <input
      className={[Function]}
      id="searchInput"
      onChange={[Function]}
      placeholder="Search for a user, e.g. simonsmith"
      type="text"
      value=""
    />
    <button
      className={[Function]}
      type="submit"
    >
      <svg />
      <span
        className="u-hiddenVisually"
      >
        Submit
      </span>
    </button>
  </form>,
  "styles": "
    .a{position:relative}
    .b{padding:8px}
    .c{padding-right:40px}
    .d{width:100%}
    .e{border:1px solid #bbb}
    .f{box-shadow:inset 0 2px 2px rgba(0, 0, 0, .1);}
    .g{padding:3px 14px}
    .h{position:absolute}
    .i{top:4px}
    .j{right:0}",
}
`;

exports[`Component: SearchForm when the form is submitted and the state has an input value should pass the value to the onSubmit function 1`] = `
Array [
  Array [
    "test",
  ],
]
`;
